// Jest Snapshot v1, https://goo.gl/fbAQLP

exports[`renders correctly 1`] = `
<div
  className="Typist "
>
  <span
    className="Cursor Cursor--blinking"
  >
    |
  </span>
</div>
`;
